Running Sphinx v4.5.0
loading pickled environment... done
building [mo]: targets for 0 po files that are out of date
building [html]: targets for 0 source files that are out of date
updating environment: 0 added, 4 changed, 0 removed
reading sources... [ 25%] Common Material/index                                
reading sources... [ 50%] Common Material/systems                              
reading sources... [ 75%] index                                                
reading sources... [100%] systems/index                                        

looking for now-outdated files... none found
pickling environment... done
checking consistency... done
preparing documents... done
writing output... [ 25%] Common Material/index                                 
writing output... [ 50%] Common Material/systems                               
writing output... [ 75%] index                                                 
writing output... [100%] systems/index                                         

generating indices... genindex done
writing additional pages... search done
copying static files... done
copying extra files... done
dumping search index in English (code: en)... done
dumping object inventory... done
build succeeded, 16 warnings.

The HTML pages are in build\html.
